[36mvite v7.3.1 [32mbuilding client environment for production...[36m[39m
transforming...
[32mΓ£ô[39m 2250 modules transformed.
node.exe : 
[31mΓ£ù[39m Build 
failed in 1.72s
At line:1 char:1
+ & "C:\Program Files
\nodejs/node.exe" 
"C:\Program 
Files\nodejs/node_mo 
...
+ ~~~~~~~~~~~~~~~~~~~
~~~~~~~~~~~~~~~~~~~~~
~~~~~~~~~~~~~~~~~~~~~
~~~~~~~~
    + CategoryInfo   
           : NotSpe  
  cified: ([31mΓ£   
 ù[39m Build fai    
led in 1.72s:Str    
ing) [], RemoteE    
xception
    + FullyQualified 
   ErrorId : Native  
  CommandError
 
[31merror during 
build:
[31msrc/pages/Home.j
sx (18:9): 
"whyChoose" is not 
exported by "src/data
/whyChoose.js", 
imported by "src/page
s/Home.jsx".[31m
file: 
[36mC:/Users/Jevin J
osh/Downloads/EventOr
g/client/src/pages/Ho
me.jsx:18:9[31m
[33m
16: import { faqs } 
from '../data/faqs';
17: import { stats } 
from '../data/stats';
18: import { 
whyChoose } from 
'../data/whyChoose';
             ^
19: 
20: export default 
function Home() {
[31m
    at 
getRollupError (file:
///C:/Users/Jevin%20J
osh/Downloads/EventOr
g/client/node_modules
/rollup/dist/es/share
d/parseAst.js:402:41)
    at error (file://
/C:/Users/Jevin%20Jos
h/Downloads/EventOrg/
client/node_modules/r
ollup/dist/es/shared/
parseAst.js:398:42)
    at Module.error (
file:///C:/Users/Jevi
n%20Josh/Downloads/Ev
entOrg/client/node_mo
dules/rollup/dist/es/
shared/node-entry.js:
17040:16)
    at 
Module.traceVariable 
(file:///C:/Users/Jev
in%20Josh/Downloads/E
ventOrg/client/node_m
odules/rollup/dist/es
/shared/node-entry.js
:17452:29)
    at ModuleScope.fi
ndVariable (file:///C
:/Users/Jevin%20Josh/
Downloads/EventOrg/cl
ient/node_modules/rol
lup/dist/es/shared/no
de-entry.js:15070:39)
    at FunctionScope.
findVariable (file://
/C:/Users/Jevin%20Jos
h/Downloads/EventOrg/
client/node_modules/r
ollup/dist/es/shared/
node-entry.js:5673:38
)
    at FunctionBodySc
ope.findVariable (fil
e:///C:/Users/Jevin%2
0Josh/Downloads/Event
Org/client/node_modul
es/rollup/dist/es/sha
red/node-entry.js:567
3:38)
    at MemberExpressi
on.bind (file:///C:/U
sers/Jevin%20Josh/Dow
nloads/EventOrg/clien
t/node_modules/rollup
/dist/es/shared/node-
entry.js:7392:49)
    at 
CallExpression.bind (
file:///C:/Users/Jevi
n%20Josh/Downloads/Ev
entOrg/client/node_mo
dules/rollup/dist/es/
shared/node-entry.js:
2829:23)
    at 
CallExpression.bind (
file:///C:/Users/Jevi
n%20Josh/Downloads/Ev
entOrg/client/node_mo
dules/rollup/dist/es/
shared/node-entry.js:
12179:15)[39m
